2026-07-25T05:50:40.371Z | ninh | ranh-gioi-hanh-chinh-cap-phuongxa-cua-viet-nam | -
2026-08-04T03:59:00.308Z | ninh | dien-tich-rung-va-ty-le-che-phu-rung-cua-63-tinh-thanh-pho-v | -
2026-08-04T06:52:03.421Z | ninh | hien-trang-rung-cac-tinh-thanh-viet-nam-giai-doan-2005-2024 | soft delete (ghi bù 2026-09-04 — appendDeleteAudit thất bại lúc xoá)
2026-08-04T07:41:02.316Z | ninh | hien-trang-rung-cac-tinh-thanh-viet-nam-giai-doan-2005-2024-2 | soft delete (ghi bù 2026-09-04 — appendDeleteAudit thất bại lúc xoá)
2026-08-24T04:01:59.153Z | ninh | du-lieu-mat-rung-tai-lam-dong-theo-toa-do-va-thoi-gian-2005 | -
2026-09-04T07:56:01Z | ninh | chi-ngan-sach-nha-nuoc | hard delete — upload lại sau khi sửa tên cột (ghi bù 2026-09-04)
2026-09-04T07:56:03Z | ninh | chi-so-bien-dong-dien-tich-dat-tu-nhien-theo-dia-phuong-tinh | hard delete — upload lại sau khi sửa tên cột (ghi bù 2026-09-04)
2026-09-04T07:56:06Z | ninh | co-cau-dat-su-dung-phan-theo-dia-phuong | hard delete — upload lại sau khi sửa tên cột (ghi bù 2026-09-04)
2026-09-04T07:56:08Z | ninh | hien-trang-su-dung-dat-phan-theo-dia-phuong | hard delete — upload lại sau khi sửa tên cột (ghi bù 2026-09-04)
2026-09-04T07:56:10Z | ninh | hien-trang-su-dung-dat | hard delete — upload lại sau khi sửa tên cột (ghi bù 2026-09-04)
2026-09-04T07:56:12Z | ninh | thu-ngan-sach-nha-nuoc | hard delete — upload lại sau khi sửa tên cột (ghi bù 2026-09-04)
2026-09-04T07:56:15Z | ninh | ty-le-chi-ngan-sach-nha-nuoc-so-voi-tong-san-pham-trong-nuoc | hard delete — upload lại sau khi sửa tên cột (ghi bù 2026-09-04)
2026-09-04T07:56:17Z | ninh | ty-le-ho-gia-dinh-co-ket-noi-internet-phan-theo-thanh-thi-no | hard delete — upload lại sau khi sửa tên cột (ghi bù 2026-09-04)
2026-09-04T07:56:19Z | ninh | ty-le-nguoi-dan-biet-ky-nang-ve-cong-nghe-thong-tin-phan-the | hard delete — upload lại sau khi sửa tên cột (ghi bù 2026-09-04)
2026-09-04T07:56:21Z | ninh | ty-le-nguoi-dan-tham-gia-mang-xa-hoi-phan-theo-thanh-thi-non | hard delete — upload lại sau khi sửa tên cột (ghi bù 2026-09-04)
2026-09-04T07:56:24Z | ninh | ty-le-nguoi-su-dung-dien-thoai-di-dong-phan-theo-thanh-thi-2 | hard delete — upload lại sau khi sửa tên cột (ghi bù 2026-09-04)
2026-09-04T07:56:26Z | ninh | ty-le-nguoi-su-dung-dien-thoai-di-dong-phan-theo-thanh-thi-n | hard delete — upload lại sau khi sửa tên cột (ghi bù 2026-09-04)
2026-09-04T07:56:29Z | ninh | ty-le-thu-ngan-sach-nha-nuoc-so-voi-tong-san-pham-trong-nuoc | hard delete — upload lại sau khi sửa tên cột (ghi bù 2026-09-04)
2026-09-04T07:56:31Z | ninh | ty-trong-dong-gop-cua-cac-yeu-to-von-lao-dong-nang-suat-cac | hard delete — upload lại sau khi sửa tên cột (ghi bù 2026-09-04)
2026-09-04T08:12:06Z | ninh | so-di-san-van-hoa-cap-quoc-gia-phan-theo-dia-phuong | hard delete — nguồn NSO mất chiều nhãn dòng, không dùng được (ghi bù 2026-09-04)
2026-09-04T08:12:08Z | ninh | so-vu-an-va-so-bi-can-da-bi-khoi-to-phan-theo-mot-so-toi-dan | hard delete — nguồn NSO mất chiều nhãn dòng, không dùng được (ghi bù 2026-09-04)
2026-09-04T08:33:46Z | ninh | ranh-gioi-hanh-chinh-cap-phuongxa-cua-viet-nam | hard delete — dọn slug đã xoá mềm (ghi bù 2026-09-04)
2026-09-04T08:33:49Z | ninh | du-lieu-mat-rung-tai-lam-dong-theo-toa-do-va-thoi-gian-2005 | hard delete — dọn slug đã xoá mềm (ghi bù 2026-09-04)
2026-09-04T08:33:52Z | ninh | hien-trang-rung-cac-tinh-thanh-viet-nam-giai-doan-2005-2024 | hard delete — dọn slug đã xoá mềm (ghi bù 2026-09-04)
2026-09-04T08:33:56Z | ninh | hien-trang-rung-cac-tinh-thanh-viet-nam-giai-doan-2005-2024-2 | hard delete — dọn slug đã xoá mềm (ghi bù 2026-09-04)
2026-09-04T08:34:00Z | ninh | dien-tich-rung-va-ty-le-che-phu-rung-cua-63-tinh-thanh-pho-v | hard delete — dọn slug đã xoá mềm (ghi bù 2026-09-04)
2026-09-04T08:58:43.731Z | ninh | zz-thu-nghiem-ghi-vet-xoa | thử nghiệm kiểm tra ghi vết xoá
2026-09-04T08:59:13.250Z | Ninh | zz-thu-nghiem-ghi-vet-xoa | hard delete (tools/hard-delete-datasets.mjs)
